// Jest Snapshot v1, https://goo.gl/fbAQLP

exports[`drawBox1 1`] = `
[
  "[[hello]]",
]
`;

exports[`drawBox1 2`] = `
[
  "[[hi]]",
]
`;

exports[`drawBox1 3`] = `
[
  "[[apa khabar]]",
]
`;
